'MX1A-11NN_CHERRY_SW_125U_=_(CHE' 'mx1a-11nn_cherry_sw_125u__che__3.txt';
'MX1A-11NN_CHERRY_SW_125U_/_(CHE' 'mx1a-11nn_cherry_sw_125u__che__4.txt';
'MX1A-11NN_CHERRY_SW_125U_*_(CHE' 'mx1a-11nn_cherry_sw_125u__che__5.txt';
'MX1A-11NN_CHERRY_SW_125U_[_(CHE' 'mx1a-11nn_cherry_sw_125u__che__6.txt';
'MX1A-11NN_CHERRY_SW_125U_]_(CHE' 'mx1a-11nn_cherry_sw_125u__che__7.txt';
'MX1A-11NN_CHERRY_SW_125U_\_(CHE' 'mx1a-11nn_cherry_sw_125u__che__8.txt';
'MX1A-11NN_CHERRY_SW_125U_+_(CHE' 'mx1a-11nn_cherry_sw_125u__che__9.txt';
'MX1A-11NN_CHERRY_SW_125U_F10_(C' 'mx1a-11nn_cherry_sw_125u_f10_c.txt';
'MX1A-11NN_CHERRY_SW_125U_F11_(C' 'mx1a-11nn_cherry_sw_125u_f11_c.txt';
'MX1A-11NN_CHERRY_SW_125U_F12_(C' 'mx1a-11nn_cherry_sw_125u_f12_c.txt';
'NX7002AK,215_SOT95P230X110-3N_N' 'nx7002ak215_sot95p230x110-3n_n.txt';
'MX1A-11NN_CHERRY_SW_125U_-_(CHE' 'mx1a-11nn_cherry_sw_125u_-_che.txt';
'MX1A-11NN_CHERRY_SW_125U_0_(CHE' 'mx1a-11nn_cherry_sw_125u_0_che.txt';
'MX1A-11NN_CHERRY_SW_125U_1_(CHE' 'mx1a-11nn_cherry_sw_125u_1_che.txt';
'MX1A-11NN_CHERRY_SW_125U_;_(CHE' 'mx1a-11nn_cherry_sw_125u__che__10.txt';
'MX1A-11NN_CHERRY_SW_125U_F1_(CH' 'mx1a-11nn_cherry_sw_125u_f1_ch.txt';
'MX1A-11NN_CHERRY_SW_125U_2_(CHE' 'mx1a-11nn_cherry_sw_125u_2_che.txt';
'MX1A-11NN_CHERRY_SW_125U_"_(CHE' 'mx1a-11nn_cherry_sw_125u__che__11.txt';
'MX1A-11NN_CHERRY_SW_125U_F2_(CH' 'mx1a-11nn_cherry_sw_125u_f2_ch.txt';
'MX1A-11NN_CHERRY_SW_125U_3_(CHE' 'mx1a-11nn_cherry_sw_125u_3_che.txt';
'MX1A-11NN_CHERRY_SW_125U_?_(CHE' 'mx1a-11nn_cherry_sw_125u__che__12.txt';
'MX1A-11NN_CHERRY_SW_125U_F3_(CH' 'mx1a-11nn_cherry_sw_125u_f3_ch.txt';
'MX1A-11NN_CHERRY_SW_125U_4_(CHE' 'mx1a-11nn_cherry_sw_125u_4_che.txt';
'MX1A-11NN_CHERRY_SW_125U_._(CHE' 'mx1a-11nn_cherry_sw_125u__che__13.txt';
'MX1A-11NN_CHERRY_SW_125U_F4_(CH' 'mx1a-11nn_cherry_sw_125u_f4_ch.txt';
'MX1A-11NN_CHERRY_SW_125U_5_(CHE' 'mx1a-11nn_cherry_sw_125u_5_che.txt';
'MX1A-11NN_CHERRY_SW_125U_F5_(CH' 'mx1a-11nn_cherry_sw_125u_f5_ch.txt';
'MX1A-11NN_CHERRY_SW_125U_6_(CHE' 'mx1a-11nn_cherry_sw_125u_6_che.txt';
'MX1A-11NN_CHERRY_SW_125U_F6_(CH' 'mx1a-11nn_cherry_sw_125u_f6_ch.txt';
'MX1A-11NN_CHERRY_SW_125U_7_(CHE' 'mx1a-11nn_cherry_sw_125u_7_che.txt';
'MX1A-11NN_CHERRY_SW_125U_8_(CHE' 'mx1a-11nn_cherry_sw_125u_8_che.txt';
'MX1A-11NN_CHERRY_SW_125U_F7_(CH' 'mx1a-11nn_cherry_sw_125u_f7_ch.txt';
'MX1A-11NN_CHERRY_SW_125U_9_(CHE' 'mx1a-11nn_cherry_sw_125u_9_che.txt';
'MX1A-11NN_CHERRY_SW_125U_F8_(CH' 'mx1a-11nn_cherry_sw_125u_f8_ch.txt';
'MX1A-11NN_CHERRY_SW_125U_F9_(CH' 'mx1a-11nn_cherry_sw_125u_f9_ch.txt';
'NHD-14432WG-BTFH-V#T_NHD14432WG' 'nhd-14432wg-btfh-vt_nhd14432wg.txt';
'MX1A-11NN_CHERRY_SW_125U_A_(CHE' 'mx1a-11nn_cherry_sw_125u_a_che.txt';
'MX1A-11NN_CHERRY_SW_125U_B_(CHE' 'mx1a-11nn_cherry_sw_125u_b_che.txt';
'MX1A-11NN_CHERRY_SW_125U_C_(CHE' 'mx1a-11nn_cherry_sw_125u_c_che.txt';
'MX1A-11NN_CHERRY_SW_125U_D_(CHE' 'mx1a-11nn_cherry_sw_125u_d_che.txt';
'MX1A-11NN_CHERRY_SW_125U_E_(CHE' 'mx1a-11nn_cherry_sw_125u_e_che.txt';
'RCS06035K10JNEA_RESC1508X50N_5.' 'rcs06035k10jnea_resc1508x50n_5.txt';
'MX1A-11NN_CHERRY_SW_125U_F_(CHE' 'mx1a-11nn_cherry_sw_125u_f_che.txt';
'MX1A-11NN_CHERRY_SW_125U_G_(CHE' 'mx1a-11nn_cherry_sw_125u_g_che.txt';
'MX1A-11NN_CHERRY_SW_125U_DEL_(C' 'mx1a-11nn_cherry_sw_125u_del_c.txt';
'MX1A-11NN_CHERRY_SW_125U_H_(CHE' 'mx1a-11nn_cherry_sw_125u_h_che.txt';
'MX1A-11NN_CHERRY_SW_125U_I_(CHE' 'mx1a-11nn_cherry_sw_125u_i_che.txt';
'MX1A-11NN_CHERRY_SW_125U_J_(CHE' 'mx1a-11nn_cherry_sw_125u_j_che.txt';
'MX1A-11NN_CHERRY_SW_125U_TAB_(C' 'mx1a-11nn_cherry_sw_125u_tab_c.txt';
'MX1A-11NN_CHERRY_SW_125U_K_(CHE' 'mx1a-11nn_cherry_sw_125u_k_che.txt';
'MX1A-11NN_CHERRY_SW_125U_L_(CHE' 'mx1a-11nn_cherry_sw_125u_l_che.txt';
'MX1A-11NN_CHERRY_SW_125U_M_(CHE' 'mx1a-11nn_cherry_sw_125u_m_che.txt';
'MX1A-11NN_CHERRY_SW_125U_N_(CHE' 'mx1a-11nn_cherry_sw_125u_n_che.txt';
'MX1A-11NN_CHERRY_SW_125U_ESC_(C' 'mx1a-11nn_cherry_sw_125u_esc_c.txt';
'MX1A-11NN_CHERRY_SW_125U_FN_(CH' 'mx1a-11nn_cherry_sw_125u_fn_ch.txt';
'MX1A-11NN_CHERRY_SW_125U_O_(CHE' 'mx1a-11nn_cherry_sw_125u_o_che.txt';
'MX1A-11NN_CHERRY_SW_125U_P_(CHE' 'mx1a-11nn_cherry_sw_125u_p_che.txt';
'MX1A-11NN_CHERRY_SW_125U_Q_(CHE' 'mx1a-11nn_cherry_sw_125u_q_che.txt';
'MX1A-11NN_CHERRY_SW_125U_R_(CHE' 'mx1a-11nn_cherry_sw_125u_r_che.txt';
'MX1A-11NN_CHERRY_SW_125U_S_(CHE' 'mx1a-11nn_cherry_sw_125u_s_che.txt';
'MX1A-11NN_CHERRY_SW_125U_T_(CHE' 'mx1a-11nn_cherry_sw_125u_t_che.txt';
'MX1A-11NN_CHERRY_SW_125U_U_(CHE' 'mx1a-11nn_cherry_sw_125u_u_che.txt';
'MX1A-11NN_CHERRY_SW_125U_V_(CHE' 'mx1a-11nn_cherry_sw_125u_v_che.txt';
'MX1A-11NN_CHERRY_SW_125U_CAPS_(' 'mx1a-11nn_cherry_sw_125u_caps_.txt';
'MX1A-11NN_CHERRY_SW_125U_W_(CHE' 'mx1a-11nn_cherry_sw_125u_w_che.txt';
'MX1A-11NN_CHERRY_SW_125U_X_(CHE' 'mx1a-11nn_cherry_sw_125u_x_che.txt';
'MX1A-11NN_CHERRY_SW_125U_Y_(CHE' 'mx1a-11nn_cherry_sw_125u_y_che.txt';
'MX1A-11NN_CHERRY_SW_125U_Z_(CHE' 'mx1a-11nn_cherry_sw_125u_z_che.txt';
'MX1A-11NN_CHERRY_SW_125U_LEFT_(' 'mx1a-11nn_cherry_sw_125u_left_.txt';
'MX1A-11NN_CHERRY_SW_125U___(CHE' 'mx1a-11nn_cherry_sw_125u___che.txt';
'MX1A-11NN_CHERRY_SW_125U_UP_(CH' 'mx1a-11nn_cherry_sw_125u_up_ch.txt';
'MX1A-11NN_CHERRY_SW_125U_DOWN_(' 'mx1a-11nn_cherry_sw_125u_down_.txt';
'MX1A-11NN_CHERRY_SW_125U_WNDS_(' 'mx1a-11nn_cherry_sw_125u_wnds_.txt';
'CRGCQ0603J1K0_RESC1608X55N_1K_(' 'crgcq0603j1k0_resc1608x55n_1k_.txt';
'MX1A-11NN_CHERRY_SW_125U_`_(CHE' 'mx1a-11nn_cherry_sw_125u__che.txt';
'MX1A-11NN_CHERRY_SW_125U_<_(CHE' 'mx1a-11nn_cherry_sw_125u__che__1.txt';
'MX1A-11NN_CHERRY_SW_125U_>_(CHE' 'mx1a-11nn_cherry_sw_125u__che__2.txt';
